#! /c/Source/iverilog-install/bin/vvp
:ivl_version "12.0 (devel)" "(s20150603-1539-g2693dd32b)";
:ivl_delay_selection "TYPICAL";
:vpi_time_precision + 0;
:vpi_module "C:\iverilog\lib\ivl\system.vpi";
:vpi_module "C:\iverilog\lib\ivl\vhdl_sys.vpi";
:vpi_module "C:\iverilog\lib\ivl\vhdl_textio.vpi";
:vpi_module "C:\iverilog\lib\ivl\v2005_math.vpi";
:vpi_module "C:\iverilog\lib\ivl\va_math.vpi";
S_0000008000d281a0 .scope module, "full_adder" "full_adder" 2 4;
 .timescale 0 0;
    .port_info 0 /INPUT 1 "a";
    .port_info 1 /INPUT 1 "b";
    .port_info 2 /INPUT 1 "cin";
    .port_info 3 /OUTPUT 1 "sum";
    .port_info 4 /OUTPUT 1 "cout";
o0000008000d410c8 .functor BUFZ 1, C4<z>; HiZ drive
o0000008000d410f8 .functor BUFZ 1, C4<z>; HiZ drive
L_0000008000d25c70 .functor XOR 1, o0000008000d410c8, o0000008000d410f8, C4<0>, C4<0>;
o0000008000d41128 .functor BUFZ 1, C4<z>; HiZ drive
L_0000008000d259d0 .functor XOR 1, L_0000008000d25c70, o0000008000d41128, C4<0>, C4<0>;
L_0000008000d25880 .functor AND 1, o0000008000d410c8, o0000008000d410f8, C4<1>, C4<1>;
L_0000008000d25ab0 .functor AND 1, o0000008000d410f8, o0000008000d41128, C4<1>, C4<1>;
L_0000008000d25b90 .functor OR 1, L_0000008000d25880, L_0000008000d25ab0, C4<0>, C4<0>;
L_0000008000d25c00 .functor AND 1, o0000008000d410c8, o0000008000d41128, C4<1>, C4<1>;
L_0000008000d25ce0 .functor OR 1, L_0000008000d25b90, L_0000008000d25c00, C4<0>, C4<0>;
v0000008000d28330_0 .net *"_ivl_0", 0 0, L_0000008000d25c70;  1 drivers
v0000008000d02cd0_0 .net *"_ivl_10", 0 0, L_0000008000d25c00;  1 drivers
v0000008000d3ad40_0 .net *"_ivl_4", 0 0, L_0000008000d25880;  1 drivers
v0000008000d3ade0_0 .net *"_ivl_6", 0 0, L_0000008000d25ab0;  1 drivers
v0000008000d3ae80_0 .net *"_ivl_8", 0 0, L_0000008000d25b90;  1 drivers
v0000008000d3af20_0 .net "a", 0 0, o0000008000d410c8;  0 drivers
v0000008000d34100_0 .net "b", 0 0, o0000008000d410f8;  0 drivers
v0000008000d341a0_0 .net "cin", 0 0, o0000008000d41128;  0 drivers
v0000008000d34240_0 .net "cout", 0 0, L_0000008000d25ce0;  1 drivers
v0000008000d89a90_0 .net "sum", 0 0, L_0000008000d259d0;  1 drivers
S_0000008000d3abb0 .scope module, "tb_ripple_carry_adder" "tb_ripple_carry_adder" 2 51;
 .timescale 0 0;
P_00000080005c9630 .param/l "N" 0 2 52, +C4<00000000000000000000000000000100>;
v0000008000d8a670_0 .var "A", 3 0;
v0000008000d89bd0_0 .var "B", 3 0;
v0000008000d89db0_0 .var "Cin", 0 0;
v0000008000d8a210_0 .net "Cout", 0 0, v0000008000d8a5d0_0;  1 drivers
v0000008000d8a350_0 .net "Sum", 3 0, v0000008000d89ef0_0;  1 drivers
S_0000008000d342e0 .scope module, "DUT" "ripple_carry_adder" 2 58, 2 15 0, S_0000008000d3abb0;
 .timescale 0 0;
    .port_info 0 /INPUT 4 "A";
    .port_info 1 /INPUT 4 "B";
    .port_info 2 /INPUT 1 "Cin";
    .port_info 3 /OUTPUT 4 "Sum";
    .port_info 4 /OUTPUT 1 "Cout";
P_00000080005c9770 .param/l "N" 0 2 15, +C4<00000000000000000000000000000100>;
v0000008000d8a7b0_0 .net "A", 3 0, v0000008000d8a670_0;  1 drivers
v0000008000d899f0_0 .net "B", 3 0, v0000008000d89bd0_0;  1 drivers
v0000008000d89b30_0 .net "Cin", 0 0, v0000008000d89db0_0;  1 drivers
v0000008000d8a5d0_0 .var "Cout", 0 0;
v0000008000d89ef0_0 .var "Sum", 3 0;
E_00000080005c91f0/0 .event anyedge, v0000008000d8a7b0_0, v0000008000d899f0_0, v0000008000d89b30_0, v0000008000d89d10_0;
E_00000080005c91f0/1 .event anyedge, v0000008000d8a710_0;
E_00000080005c91f0 .event/or E_00000080005c91f0/0, E_00000080005c91f0/1;
S_0000008000d34470 .scope autotask, "ripple_add" "ripple_add" 2 23, 2 23 0, S_0000008000d342e0;
 .timescale 0 0;
v0000008000d89950_0 .var "a", 3 0;
v0000008000d89c70_0 .var "b", 3 0;
v0000008000d898b0_0 .var "carry", 0 0;
v0000008000d8a030_0 .var "cin", 0 0;
v0000008000d8a710_0 .var "cout", 0 0;
v0000008000d89f90_0 .var/i "i", 31 0;
v0000008000d89d10_0 .var "sum", 3 0;
v0000008000d8a3f0_0 .var "temp_sum", 3 0;
TD_tb_ripple_carry_adder.DUT.ripple_add ;
    %load/vec4 v0000008000d8a030_0;
    %store/vec4 v0000008000d898b0_0, 0, 1;
    %pushi/vec4 0, 0, 32;
    %store/vec4 v0000008000d89f90_0, 0, 32;
T_0.0 ;
    %load/vec4 v0000008000d89f90_0;
    %cmpi/s 4, 0, 32;
    %jmp/0xz T_0.1, 5;
    %load/vec4 v0000008000d89950_0;
    %load/vec4 v0000008000d89f90_0;
    %part/s 1;
    %load/vec4 v0000008000d89c70_0;
    %load/vec4 v0000008000d89f90_0;
    %part/s 1;
    %xor;
    %load/vec4 v0000008000d898b0_0;
    %xor;
    %ix/getv/s 4, v0000008000d89f90_0;
    %store/vec4 v0000008000d8a3f0_0, 4, 1;
    %load/vec4 v0000008000d89950_0;
    %load/vec4 v0000008000d89f90_0;
    %part/s 1;
    %load/vec4 v0000008000d89c70_0;
    %load/vec4 v0000008000d89f90_0;
    %part/s 1;
    %and;
    %load/vec4 v0000008000d89c70_0;
    %load/vec4 v0000008000d89f90_0;
    %part/s 1;
    %load/vec4 v0000008000d898b0_0;
    %and;
    %or;
    %load/vec4 v0000008000d89950_0;
    %load/vec4 v0000008000d89f90_0;
    %part/s 1;
    %load/vec4 v0000008000d898b0_0;
    %and;
    %or;
    %store/vec4 v0000008000d898b0_0, 0, 1;
    %load/vec4 v0000008000d89f90_0;
    %addi 1, 0, 32;
    %store/vec4 v0000008000d89f90_0, 0, 32;
    %jmp T_0.0;
T_0.1 ;
    %load/vec4 v0000008000d8a3f0_0;
    %store/vec4 v0000008000d89d10_0, 0, 4;
    %load/vec4 v0000008000d898b0_0;
    %store/vec4 v0000008000d8a710_0, 0, 1;
    %end;
    .scope S_0000008000d342e0;
T_1 ;
    %wait E_00000080005c91f0;
    %alloc S_0000008000d34470;
    %load/vec4 v0000008000d8a7b0_0;
    %store/vec4 v0000008000d89950_0, 0, 4;
    %load/vec4 v0000008000d899f0_0;
    %store/vec4 v0000008000d89c70_0, 0, 4;
    %load/vec4 v0000008000d89b30_0;
    %store/vec4 v0000008000d8a030_0, 0, 1;
    %fork TD_tb_ripple_carry_adder.DUT.ripple_add, S_0000008000d34470;
    %join;
    %load/vec4 v0000008000d89d10_0;
    %store/vec4 v0000008000d89ef0_0, 0, 4;
    %load/vec4 v0000008000d8a710_0;
    %store/vec4 v0000008000d8a5d0_0, 0, 1;
    %free S_0000008000d34470;
    %jmp T_1;
    .thread T_1, $push;
    .scope S_0000008000d3abb0;
T_2 ;
    %vpi_call 2 64 "$display", "  A     B   Cin | Sum  Cout" {0 0 0};
    %pushi/vec4 3, 0, 4;
    %store/vec4 v0000008000d8a670_0, 0, 4;
    %pushi/vec4 1, 0, 4;
    %store/vec4 v0000008000d89bd0_0, 0, 4;
    %pushi/vec4 0, 0, 1;
    %store/vec4 v0000008000d89db0_0, 0, 1;
    %delay 10, 0;
    %vpi_call 2 66 "$display", "%b  %b   %b  |  %b   %b", v0000008000d8a670_0, v0000008000d89bd0_0, v0000008000d89db0_0, v0000008000d8a350_0, v0000008000d8a210_0 {0 0 0};
    %pushi/vec4 15, 0, 4;
    %store/vec4 v0000008000d8a670_0, 0, 4;
    %pushi/vec4 1, 0, 4;
    %store/vec4 v0000008000d89bd0_0, 0, 4;
    %pushi/vec4 0, 0, 1;
    %store/vec4 v0000008000d89db0_0, 0, 1;
    %delay 10, 0;
    %vpi_call 2 69 "$display", "%b  %b   %b  |  %b   %b", v0000008000d8a670_0, v0000008000d89bd0_0, v0000008000d89db0_0, v0000008000d8a350_0, v0000008000d8a210_0 {0 0 0};
    %pushi/vec4 6, 0, 4;
    %store/vec4 v0000008000d8a670_0, 0, 4;
    %pushi/vec4 5, 0, 4;
    %store/vec4 v0000008000d89bd0_0, 0, 4;
    %pushi/vec4 1, 0, 1;
    %store/vec4 v0000008000d89db0_0, 0, 1;
    %delay 10, 0;
    %vpi_call 2 72 "$display", "%b  %b   %b  |  %b   %b", v0000008000d8a670_0, v0000008000d89bd0_0, v0000008000d89db0_0, v0000008000d8a350_0, v0000008000d8a210_0 {0 0 0};
    %vpi_call 2 74 "$finish" {0 0 0};
    %end;
    .thread T_2;
# The file index is used to find the file name in the following table.
:file_names 3;
    "N/A";
    "<interactive>";
    "ripple.v";
